// Jest Snapshot v1, https://goo.gl/fbAQLP

exports[`<UserDropdown /> should render the username 1`] = `
.c2 {
  display: inline-block;
  vertical-align: middle;
  overflow: hidden;
}

.c1 {
  cursor: pointer;
  color: #FAFAFA;
  position: relative;
  display: -webkit-box;
  display: -webkit-flex;
  display: -ms-flexbox;
  display: flex;
  -webkit-align-items: center;
  -webkit-box-align: center;
  -ms-flex-align: center;
  align-items: center;
  padding-right: 2.4rem;
  z-index: 50;
}

.c5 {
  display: -webkit-box;
  display: -webkit-flex;
  display: -ms-flexbox;
  display: flex;
  -webkit-flex-direction: column;
  -ms-flex-direction: column;
  flex-direction: column;
  background: #FAFAFA;
  color: #030517;
  margin-top: 2.4rem;
  position: absolute;
  right: 0;
  z-index: 50;
}

.c5::before {
  content: '';
  position: absolute;
  border-right: 1.2rem solid transparent;
  border-left: 1.2rem solid transparent;
  border-bottom: 1.2rem solid #FAFAFA;
  top: -1.2rem;
  right: 2.4rem;
}

.c9 {
  background-color: rgba(0,0,0,0.5);
  position: fixed;
  top: 0;
  right: 0;
  bottom: 0;
  left: 0;
  z-index: 30;
}

.c0 {
  position: relative;
  width: -webkit-max-content;
  width: -moz-max-content;
  width: max-content;
}

.c0 .c4,
.c0 .c8 {
  -webkit-transition: -webkit-transform 0.2s ease-in,opacity 0.3s ease-in-out;
  -webkit-transition: transform 0.2s ease-in,opacity 0.3s ease-in-out;
  transition: transform 0.2s ease-in,opacity 0.3s ease-in-out;
  opacity: 0;
  pointer-events: none;
  -webkit-transform: translateY(-2rem);
  -ms-transform: translateY(-2rem);
  transform: translateY(-2rem);
}

.c6 {
  display: -webkit-box;
  display: -webkit-flex;
  display: -ms-flexbox;
  display: flex;
  -webkit-flex-direction: column;
  -ms-flex-direction: column;
  flex-direction: column;
  width: 26rem;
}

.c6 a:not(:last-child) {
  border-bottom: 0.1rem solid #EAEAEA;
}

.c3 {
  padding: 0 0.8rem;
}

.c7 {
  cursor: pointer;
  display: -webkit-box;
  display: -webkit-flex;
  display: -ms-flexbox;
  display: flex;
  -webkit-align-items: center;
  -webkit-box-align: center;
  -ms-flex-align: center;
  align-items: center;
  -webkit-text-decoration: none;
  text-decoration: none;
  background: #FAFAFA;
  color: #030517;
  padding: 1.6rem 2.4rem;
  -webkit-transition: background,color,0.3s ease-in-out;
  transition: background,color,0.3s ease-in-out;
}

.c7:hover {
  background: #F231A5;
  color: #FAFAFA;
}

.c7 > svg {
  width: 2.4rem;
  height: 2.4rem;
}

.c7 > span {
  margin-left: 1.6rem;
}

<div
  class="c0"
>
  <div
    class="c1"
  >
    <svg
      aria-hidden="true"
      class="c2"
      fill="currentColor"
      focusable="false"
      height="24"
      viewBox="0 0 24 24"
      width="24"
      xmlns="http://www.w3.org/2000/svg"
    >
      <path
        d="M0 0h24v24H0V0z"
        fill="none"
      />
      <path
        d="M12 2C6.48 2 2 6.48 2 12s4.48 10 10 10 10-4.48 10-10S17.52 2 12 2zM7.07 18.28c.43-.9 3.05-1.78 4.93-1.78s4.51.88 4.93 1.78C15.57 19.36 13.86 20 12 20s-3.57-.64-4.93-1.72zm11.29-1.45c-1.43-1.74-4.9-2.33-6.36-2.33s-4.93.59-6.36 2.33A7.95 7.95 0 014 12c0-4.41 3.59-8 8-8s8 3.59 8 8c0 1.82-.62 3.49-1.64 4.83zM12 6c-1.94 0-3.5 1.56-3.5 3.5S10.06 13 12 13s3.5-1.56 3.5-3.5S13.94 6 12 6zm0 5c-.83 0-1.5-.67-1.5-1.5S11.17 8 12 8s1.5.67 1.5 1.5S12.83 11 12 11z"
      />
    </svg>
    <span
      class="c3"
    >
      Jorge
    </span>
    <svg
      aria-hidden="true"
      class="c2"
      fill="currentColor"
      focusable="false"
      height="24"
      viewBox="0 0 24 24"
      width="24"
      xmlns="http://www.w3.org/2000/svg"
    >
      <path
        d="M16.293 9.293 12 13.586 7.707 9.293l-1.414 1.414L12 16.414l5.707-5.707z"
      />
    </svg>
  </div>
  <div
    aria-hidden="true"
    class="c4 c5"
  >
    <nav
      class="c6"
    >
      <a
        class="c7"
        href="/profile/me"
      >
        <svg
          aria-hidden="true"
          class="c2"
          fill="currentColor"
          focusable="false"
          viewBox="0 0 24 24"
          xmlns="http://www.w3.org/2000/svg"
        >
          <path
            d="M0 0h24v24H0V0z"
            fill="none"
          />
          <path
            d="M12 2C6.48 2 2 6.48 2 12s4.48 10 10 10 10-4.48 10-10S17.52 2 12 2zM7.07 18.28c.43-.9 3.05-1.78 4.93-1.78s4.51.88 4.93 1.78C15.57 19.36 13.86 20 12 20s-3.57-.64-4.93-1.72zm11.29-1.45c-1.43-1.74-4.9-2.33-6.36-2.33s-4.93.59-6.36 2.33A7.95 7.95 0 014 12c0-4.41 3.59-8 8-8s8 3.59 8 8c0 1.82-.62 3.49-1.64 4.83zM12 6c-1.94 0-3.5 1.56-3.5 3.5S10.06 13 12 13s3.5-1.56 3.5-3.5S13.94 6 12 6zm0 5c-.83 0-1.5-.67-1.5-1.5S11.17 8 12 8s1.5.67 1.5 1.5S12.83 11 12 11z"
          />
        </svg>
        <span>
          My profile
        </span>
      </a>
      <a
        class="c7"
        href="/wishlist"
      >
        <svg
          aria-hidden="true"
          class="c2"
          fill="currentColor"
          focusable="false"
          viewBox="0 0 24 24"
          xmlns="http://www.w3.org/2000/svg"
        >
          <path
            d="M0 0h24v24H0V0z"
            fill="none"
          />
          <path
            d="M16.5 3c-1.74 0-3.41.81-4.5 2.09C10.91 3.81 9.24 3 7.5 3 4.42 3 2 5.42 2 8.5c0 3.78 3.4 6.86 8.55 11.54L12 21.35l1.45-1.32C18.6 15.36 22 12.28 22 8.5 22 5.42 19.58 3 16.5 3zm-4.4 15.55l-.1.1-.1-.1C7.14 14.24 4 11.39 4 8.5 4 6.5 5.5 5 7.5 5c1.54 0 3.04.99 3.57 2.36h1.87C13.46 5.99 14.96 5 16.5 5c2 0 3.5 1.5 3.5 3.5 0 2.89-3.14 5.74-7.9 10.05z"
          />
        </svg>
        <span>
          My wishlist
        </span>
      </a>
      <a
        class="c7"
        role="button"
      >
        <svg
          aria-hidden="true"
          class="c2"
          fill="currentColor"
          focusable="false"
          viewBox="0 0 24 24"
          xmlns="http://www.w3.org/2000/svg"
        >
          <path
            d="M0 0h24v24H0V0z"
            fill="none"
          />
          <path
            d="M10.09 15.59L11.5 17l5-5-5-5-1.41 1.41L12.67 11H3v2h9.67l-2.58 2.59zM19 3H5a2 2 0 00-2 2v4h2V5h14v14H5v-4H3v4a2 2 0 002 2h14c1.1 0 2-.9 2-2V5c0-1.1-.9-2-2-2z"
          />
        </svg>
        <span>
          Sign out
        </span>
      </a>
    </nav>
  </div>
  <div
    aria-hidden="true"
    class="c8 c9"
  />
</div>
`
