// Jest Snapshot v1, https://goo.gl/fbAQLP

exports[`<TextField /> should render error message and change style 1`] = `
.c3 {
  display: -webkit-box;
  display: -webkit-flex;
  display: -ms-flexbox;
  display: flex;
  background: #EAEAEA;
  border-radius: 0.2rem;
  padding: 0 1.6rem;
  border: 0.2rem solid;
  border-color: #EAEAEA;
}

.c3:focus-within {
  box-shadow: 0 0 0.5rem #F231A5;
}

.c4 {
  color: #030517;
  font-family: Poppins,-apple-system,BlinkMacSystemFont,'Segoe UI',Roboto,Oxygen,Ubuntu,Cantarell,'Open Sans','Helvetica Neue',sans-serif;
  font-size: 1.6rem;
  padding: 0.8rem;
  background: transparent;
  border: 0;
  outline: none;
  width: 100%;
}

.c1 {
  font-size: 1.4rem;
  color: #030517;
  cursor: pointer;
}

.c0 .c2 {
  border-color: #FF6347;
}

.c5 {
  color: #FF6347;
}

<div
  class="c0"
  disabled=""
>
  <label
    class="c1"
    for="textfield"
  >
    Textfield
  </label>
  <div
    class="c2 c3"
  >
    <input
      class="c4"
      disabled=""
      id="textfield"
      type="text"
      value=""
    />
  </div>
  <p
    class="c5"
  >
    Error message
  </p>
</div>
`
