// Jest Snapshot v1, https://goo.gl/fbAQLP

exports[`<WishlistButton /> should render a button to add to wishlist 1`] = `
.c0 {
  display: -webkit-inline-box;
  display: -webkit-inline-flex;
  display: -ms-inline-flexbox;
  display: inline-flex;
  -webkit-align-items: center;
  -webkit-box-align: center;
  -ms-flex-align: center;
  align-items: center;
  -webkit-box-pack: center;
  -webkit-justify-content: center;
  -ms-flex-pack: center;
  justify-content: center;
  color: #FAFAFA;
  -webkit-text-decoration: none;
  text-decoration: none;
  background: linear-gradient( 178.59deg,#ff5f5f -14.51%,#f062c0 102.86%,#f23131 102.86% );
  cursor: pointer;
  border-radius: 0.4rem;
  border: 0;
  padding: 0.8rem;
  height: 3rem;
  font-size: 1.2rem;
  background: none;
  color: #F231A5;
}

.c0:hover {
  background: none;
}

.c0 svg {
  width: 1.5rem;
}

.c0 svg + span {
  margin-left: 0.8rem;
}

.c0:hover {
  color: #e20e8d;
}

.c1 {
  display: inline-block;
  vertical-align: middle;
  overflow: hidden;
}

<button
  aria-label="Add to wishlist"
  class="c0"
  role="button"
>
  <svg
    aria-hidden="true"
    class="c1"
    fill="currentColor"
    focusable="false"
    viewBox="0 0 24 24"
    xmlns="http://www.w3.org/2000/svg"
  >
    <path
      d="M0 0h24v24H0V0z"
      fill="none"
    />
    <path
      d="M16.5 3c-1.74 0-3.41.81-4.5 2.09C10.91 3.81 9.24 3 7.5 3 4.42 3 2 5.42 2 8.5c0 3.78 3.4 6.86 8.55 11.54L12 21.35l1.45-1.32C18.6 15.36 22 12.28 22 8.5 22 5.42 19.58 3 16.5 3zm-4.4 15.55l-.1.1-.1-.1C7.14 14.24 4 11.39 4 8.5 4 6.5 5.5 5 7.5 5c1.54 0 3.04.99 3.57 2.36h1.87C13.46 5.99 14.96 5 16.5 5c2 0 3.5 1.5 3.5 3.5 0 2.89-3.14 5.74-7.9 10.05z"
    />
  </svg>
</button>
`
