// Jest Snapshot v1, https://goo.gl/fbAQLP

exports[`<Gallery /> should render thumbnails as buttons 1`] = `
.c4 {
  display: inline-block;
  vertical-align: middle;
  overflow: hidden;
}

.c1 .slick-slider {
  position: relative;
  display: block;
  box-sizing: border-box;
  -webkit-user-select: none;
  -moz-user-select: none;
  -ms-user-select: none;
  -webkit-user-select: none;
  -moz-user-select: none;
  -ms-user-select: none;
  user-select: none;
  -webkit-touch-callout: none;
  -khtml-user-select: none;
  -ms-touch-action: pan-y;
  touch-action: pan-y;
  -webkit-tap-highlight-color: transparent;
}

.c1 .slick-list {
  position: relative;
  display: block;
  overflow: hidden;
  margin: 0;
  padding: 0;
}

.c1 .slick-list:focus {
  outline: none;
}

.c1 .slick-list.dragging {
  cursor: pointer;
  cursor: hand;
}

.c1 .slick-slider .slick-track,
.c1 .slick-slider .slick-list {
  -webkit-transform: translate3d(0,0,0);
  -moz-transform: translate3d(0,0,0);
  -ms-transform: translate3d(0,0,0);
  -o-transform: translate3d(0,0,0);
  -webkit-transform: translate3d(0,0,0);
  -ms-transform: translate3d(0,0,0);
  transform: translate3d(0,0,0);
}

.c1 .slick-track {
  position: relative;
  top: 0;
  left: 0;
  display: block;
}

.c1 .slick-track:before,
.c1 .slick-track:after {
  display: table;
  content: '';
}

.c1 .slick-track:after {
  clear: both;
}

.c1 .slick-loading .slick-track {
  visibility: hidden;
}

.c1 .slick-slide {
  display: none;
  float: left;
  height: 100%;
  min-height: 1px;
}

.c1 [dir='rtl'] .slick-slide {
  float: right;
}

.c1 .slick-slide img {
  display: block;
}

.c1 .slick-slide.slick-loading img {
  display: none;
}

.c1 .slick-slide.dragging img {
  pointer-events: none;
}

.c1 .slick-initialized .slick-slide {
  display: block;
}

.c1 .slick-loading .slick-slide {
  visibility: hidden;
}

.c1 .slick-vertical .slick-slide {
  display: block;
  height: auto;
  border: 1px solid transparent;
}

.c1 .slick-arrow.slick-hidden {
  display: none;
}

.c0 .slick-prev,
.c0 .slick-next {
  display: block;
  color: #FAFAFA;
  cursor: pointer;
  position: absolute;
  top: 50%;
  width: 2.5rem;
  height: 2.5rem;
  padding: 0;
  -webkit-transform: translate(0,-50%);
  -ms-transform: translate(0,-50%);
  transform: translate(0,-50%);
}

.c0 .slick-prev {
  left: -5.6rem;
}

.c0 .slick-next {
  right: -5.6rem;
}

.c0 .slick-prev.slick-disabled,
.c0 .slick-next.slick-disabled {
  visibility: hidden;
}

.c0 .slick-slide > div {
  margin: 0 1.6rem;
  cursor: pointer;
}

.c0 .slick-list {
  margin: 0 -1.6rem;
}

.c2 {
  opacity: 0;
  pointer-events: none;
  position: fixed;
  width: 100%;
  height: 100%;
  top: 0;
  left: 0;
  background: rgba(0,0,0,0.7);
  display: -webkit-box;
  display: -webkit-flex;
  display: -ms-flexbox;
  display: flex;
  -webkit-box-pack: center;
  -webkit-justify-content: center;
  -ms-flex-pack: center;
  justify-content: center;
  -webkit-align-items: center;
  -webkit-box-align: center;
  -ms-flex-align: center;
  align-items: center;
  z-index: 40;
  -webkit-transition: opacity 0.3s ease-in-out;
  transition: opacity 0.3s ease-in-out;
}

.c3 {
  color: #FAFAFA;
  position: absolute;
  left: 0;
  top: 0;
  cursor: pointer;
  width: 100%;
  height: 100%;
  text-align: right;
}

.c5 {
  max-width: min(120rem,100%);
  max-height: 80rem;
}

@media (max-width:1440px) {
  .c0 {
    overflow-x: hidden;
  }
}

<div
  class="c0"
>
  <section
    class="c1"
  >
    <div
      class="slick-slider slick-initialized"
    >
      
      <div
        class="slick-list"
      >
        <div
          class="slick-track"
          style="opacity: 1; transform: translate3d(0px, 0px, 0px);"
        >
          <div
            aria-hidden="false"
            class="slick-slide slick-active slick-current"
            data-index="0"
            style="outline: none; width: 0px;"
            tabindex="-1"
          >
            <div>
              <img
                alt="Thumb - Gallery Image 1"
                class=""
                role="button"
                src="/img/games/cyberpunk-1.jpg"
                style="width: 100%; display: inline-block;"
                tabindex="-1"
              />
            </div>
          </div>
          <div
            aria-hidden="false"
            class="slick-slide slick-active"
            data-index="1"
            style="outline: none; width: 0px;"
            tabindex="-1"
          >
            <div>
              <img
                alt="Thumb - Gallery Image 2"
                class=""
                role="button"
                src="/img/games/cyberpunk-2.jpg"
                style="width: 100%; display: inline-block;"
                tabindex="-1"
              />
            </div>
          </div>
        </div>
      </div>
      
      
    </div>
  </section>
  <div
    aria-hidden="false"
    aria-label="modal"
    class="c2"
  >
    <div
      aria-label="close modal"
      class="c3"
      role="button"
    >
      <svg
        aria-hidden="true"
        class="c4"
        fill="currentColor"
        focusable="false"
        height="40"
        viewBox="0 0 24 24"
        width="40"
        xmlns="http://www.w3.org/2000/svg"
      >
        <path
          d="M0 0h24v24H0V0z"
          fill="none"
        />
        <path
          d="M19 6.41L17.59 5 12 10.59 6.41 5 5 6.41 10.59 12 5 17.59 6.41 19 12 13.41 17.59 19 19 17.59 13.41 12 19 6.41z"
        />
      </svg>
    </div>
    <div
      class="c5"
    >
      <section
        class="c1"
      >
        <div
          class="slick-slider slick-initialized"
          dir="ltr"
        >
          <svg
            aria-hidden="true"
            aria-label="previous image"
            class="c4 slick-arrow slick-prev slick-disabled"
            data-role="none"
            fill="currentColor"
            focusable="false"
            style="display: block;"
            viewBox="0 0 24 24"
            xmlns="http://www.w3.org/2000/svg"
          >
            <path
              d="M0 0h24v24H0V0z"
              fill="none"
              opacity="0.87"
            />
            <path
              d="M17.51 3.87L15.73 2.1 5.84 12l9.9 9.9 1.77-1.77L9.38 12l8.13-8.13z"
            />
          </svg>
          <div
            class="slick-list"
          >
            <div
              class="slick-track"
              style="opacity: 1; transform: translate3d(0px, 0px, 0px);"
            >
              <div
                aria-hidden="false"
                class="slick-slide slick-active slick-current"
                data-index="0"
                style="outline: none; width: 0px;"
                tabindex="-1"
              >
                <div>
                  <img
                    alt="Gallery Image 1"
                    class=""
                    role="img"
                    src="/img/games/cyberpunk-1.jpg"
                    style="width: 100%; display: inline-block;"
                    tabindex="-1"
                  />
                </div>
              </div>
              <div
                aria-hidden="true"
                class="slick-slide"
                data-index="1"
                style="outline: none; width: 0px;"
                tabindex="-1"
              />
            </div>
          </div>
          <svg
            aria-hidden="true"
            aria-label="next image"
            class="c4 slick-arrow slick-next"
            data-role="none"
            fill="currentColor"
            focusable="false"
            style="display: block;"
            viewBox="0 0 24 24"
            xmlns="http://www.w3.org/2000/svg"
          >
            <path
              d="M24 24H0V0h24v24z"
              fill="none"
              opacity="0.87"
            />
            <path
              d="M6.49 20.13l1.77 1.77 9.9-9.9-9.9-9.9-1.77 1.77L14.62 12l-8.13 8.13z"
            />
          </svg>
        </div>
      </section>
    </div>
  </div>
</div>
`
